// Jest Snapshot v1, https://goo.gl/fbAQLP

exports[`PowerBIReport Page matches snapshot 1`] = `
<PowerBIReport>
  <PowerBIReport__ReportContainer
    mobileLayout={false}
    style={
      Object {
        "height": "50vw",
        "maxHeight": "70vmin",
      }
    }
  >
    <div
      className="PowerBIReport__ReportContainer-aqcfpq-0 feUvJv"
      style={
        Object {
          "height": "50vw",
          "maxHeight": "70vmin",
        }
      }
    >
      <PowerBIReport__Report
        id="report"
      >
        <div
          className="PowerBIReport__Report-aqcfpq-1 inYsHj"
          id="report"
        />
      </PowerBIReport__Report>
      <LogoBar
        setFullscreen={[Function]}
      >
        <div
          className="logo-bar"
        >
          <p>
            pages.reports.logo-bar.intro
             
            <Link
              href="/reports/"
            >
              pages.reports.logo-bar.link
            </Link>
             
            pages.reports.logo-bar.outro
          </p>
          <button
            onClick={[Function]}
            type="button"
          >
            pages.reports.logo-bar.fullscreen
          </button>
        </div>
      </LogoBar>
    </div>
  </PowerBIReport__ReportContainer>
</PowerBIReport>
`;
